
> tasks@0.1.0 test
> react-scripts test

Browserslist: caniuse-lite is outdated. Please run:
  npx browserslist@latest --update-db
  Why you should do it regularly: https://github.com/browserslist/browserslist#browsers-data-updating
FAIL src/quizzer/Quizzer.test.tsx
  ● Quizzer Tests › Users can filter the questions in a list so that only published questions are shown

    expect(element).not.toBeChecked()

    Received element is checked:
      <input checked="" class="form-check-input" data-testid="Quiz Published" id="is-published_check" type="checkbox" />

      146 |         const quizPublished = screen.getByTestId("Quiz Published");
      147 |         quizPublished.click();
    > 148 |         expect(quizPublished).not.toBeChecked();
          |                                   ^
      149 |
      150 |         const saveButton = screen.getByText("Save");
      151 |         saveButton.click();

      at Object.<anonymous> (src/quizzer/Quizzer.test.tsx:148:35)

  ● Quizzer Tests › Users can add a new quiz question

    expect(element).not.toBeChecked()

    Received element is checked:
      <input checked="" class="form-check-input" data-testid="Quiz Published" id="is-published_check" type="checkbox" />

      189 |         const quizPublished = screen.getByTestId("Quiz Published");
      190 |         quizPublished.click();
    > 191 |         expect(quizPublished).not.toBeChecked();
          |                                   ^
      192 |
      193 |         const saveButton = screen.getByText("Save");
      194 |         saveButton.click();

      at Object.<anonymous> (src/quizzer/Quizzer.test.tsx:191:35)

PASS src/App.test.tsx
-------------------|---------|----------|---------|---------|------------------------------------------------
File               | % Stmts | % Branch | % Funcs | % Lines | Uncovered Line #s                              
-------------------|---------|----------|---------|---------|------------------------------------------------
All files          |   81.75 |    81.66 |   76.71 |   80.98 |                                                
 src               |   66.66 |       50 |      50 |   66.66 |                                                
  App.tsx          |   66.66 |       50 |      50 |   66.66 | 16                                             
 src/interfaces    |       0 |        0 |       0 |       0 |                                                
  question.ts      |       0 |        0 |       0 |       0 |                                                
  quiz.ts          |       0 |        0 |       0 |       0 |                                                
 src/quizzer       |   82.06 |    83.92 |   77.46 |   81.29 |                                                
  AddQuizModal.tsx |   64.28 |      100 |      40 |   64.28 | 35-54                                          
  QuestionEdit.tsx |   46.87 |    64.28 |      40 |   46.87 | 27-30,48,58-59,66-68,76-78,101-174,208,235,260 
  QuizCard.tsx     |     100 |       80 |     100 |     100 | 32                                             
  QuizEdit.tsx     |   85.18 |      100 |   73.33 |      84 | 35-38,73,101                                   
  QuizExpanded.tsx |     100 |    85.71 |     100 |     100 | 73                                             
  QuizList.tsx     |     100 |      100 |     100 |     100 |                                                
  QuizQuestion.tsx |     100 |    85.71 |     100 |     100 | 24-31                                          
  QuizView.tsx     |     100 |      100 |     100 |     100 |                                                
  Quizzer.tsx      |     100 |      100 |     100 |     100 |                                                
-------------------|---------|----------|---------|---------|------------------------------------------------

Test Suites: 1 failed, 1 passed, 2 total
Tests:       2 failed, 13 passed, 15 total
Snapshots:   0 total
Time:        4.316 s
Ran all test suites.
